// Jest Snapshot v1, https://goo.gl/fbAQLP

exports[`favoritesIcon render correctly 1`] = `
<View>
  <Text />
</View>
`;
